// Jest Snapshot v1, https://goo.gl/fbAQLP

exports[`LogIn renders correctly 1`] = `ShallowWrapper {}`;
